......................Cloning into '/tmp/tmpotop_486/private/repo'...
done.
[main 78fc579] fix(autoloop): repair test failure
 1 file changed, 1 insertion(+), 1 deletion(-)
To /tmp/tmpotop_486/remote.git
   30811ec..78fc579  HEAD -> main
.........hint: Using 'master' as the name for the initial branch. This default branch name
hint: is subject to change. To configure the initial branch name to use in all
hint: of your new repositories, which will suppress this warning, call:
hint: 
hint: 	git config --global init.defaultBranch <name>
hint: 
hint: Names commonly chosen instead of 'master' are 'main', 'trunk' and
hint: 'development'. The just-created branch can be renamed via this command:
hint: 
hint: 	git branch -m <name>
Initialized empty Git repository in /tmp/tmpseu85w0b/remote.git/
Initialized empty Git repository in /tmp/tmpseu85w0b/seed/.git/
[main (root-commit) 3dfc0e9] base
 1 file changed, 1 insertion(+)
 create mode 100644 base.txt
To /tmp/tmpseu85w0b/remote.git
 * [new branch]      main -> main
branch 'main' set up to track 'origin/main'.
Cloning into '/tmp/tmpseu85w0b/execution'...
done.
[main 0706060] remote advance
 1 file changed, 1 insertion(+)
 create mode 100644 remote.txt
To /tmp/tmpseu85w0b/remote.git
   3dfc0e9..0706060  main -> main
[main 7ab319a] local divergence
 1 file changed, 1 insertion(+)
 create mode 100644 local.txt
Cloning into '/tmp/autoloop-archive-2099-01-01-xw3595lz/repo'...
done.
[main 0cfe172] chore(autoloop): Supervisor 留档 2099-01-01
 4 files changed, 23 insertions(+)
 create mode 100644 .autoloop/runs/public-evidence/2099-01-01/2099-01-01_attempt_01/metrics.json
 create mode 100644 .autoloop/runs/public-evidence/2099-01-01/manifest.json
 create mode 100644 .autoloop/runs/public-evidence/2099-01-01/privacy-scan.json
 create mode 100644 .autoloop/runs/public-evidence/2099-01-01/state.json
To /tmp/tmpseu85w0b/remote.git
   0706060..0cfe172  HEAD -> main
fatal: path '.autoloop/journal/assets/2099-01-01-online.png' does not exist in 'main'
................Cloning into '/tmp/tmpe4fylvdi/workspaces/2099-01-01'...
done.
...{"status": "workspace_failed", "date": "2026-09-21", "control_repo": "<REMOTE_HOME>/npc_voice_panel_3d", "error": "workspace denied", "notification_rc": 0}
....Cloning into '/tmp/tmp8amg2v1l/workspaces/2099-01-01'...
done.
From /tmp/tmp8amg2v1l/remote
 * branch            main       -> FETCH_HEAD
..
----------------------------------------------------------------------
Ran 56 tests in 0.642s

OK
