......................Cloning into '/tmp/tmp7oz6mwb8/private/repo'...
done.
[main a571843] fix(autoloop): repair test failure
 1 file changed, 1 insertion(+), 1 deletion(-)
To /tmp/tmp7oz6mwb8/remote.git
   eb74586..a571843  HEAD -> main
.........hint: Using 'master' as the name for the initial branch. This default branch name
hint: is subject to change. To configure the initial branch name to use in all
hint: of your new repositories, which will suppress this warning, call:
hint: 
hint: 	git config --global init.defaultBranch <name>
hint: 
hint: Names commonly chosen instead of 'master' are 'main', 'trunk' and
hint: 'development'. The just-created branch can be renamed via this command:
hint: 
hint: 	git branch -m <name>
Initialized empty Git repository in /tmp/tmptx4kn0gk/remote.git/
Initialized empty Git repository in /tmp/tmptx4kn0gk/seed/.git/
[main (root-commit) 938a5a2] base
 1 file changed, 1 insertion(+)
 create mode 100644 base.txt
To /tmp/tmptx4kn0gk/remote.git
 * [new branch]      main -> main
branch 'main' set up to track 'origin/main'.
Cloning into '/tmp/tmptx4kn0gk/execution'...
done.
[main 2a8e62e] remote advance
 1 file changed, 1 insertion(+)
 create mode 100644 remote.txt
To /tmp/tmptx4kn0gk/remote.git
   938a5a2..2a8e62e  main -> main
[main c7406e4] local divergence
 1 file changed, 1 insertion(+)
 create mode 100644 local.txt
Cloning into '/tmp/autoloop-archive-2099-01-01-drg5fd53/repo'...
done.
[main af8fa59] chore(autoloop): Supervisor 留档 2099-01-01
 4 files changed, 23 insertions(+)
 create mode 100644 .autoloop/runs/public-evidence/2099-01-01/2099-01-01_attempt_01/metrics.json
 create mode 100644 .autoloop/runs/public-evidence/2099-01-01/manifest.json
 create mode 100644 .autoloop/runs/public-evidence/2099-01-01/privacy-scan.json
 create mode 100644 .autoloop/runs/public-evidence/2099-01-01/state.json
To /tmp/tmptx4kn0gk/remote.git
   2a8e62e..af8fa59  HEAD -> main
fatal: path '.autoloop/journal/assets/2099-01-01-online.png' does not exist in 'main'
................Cloning into '/tmp/tmpjruol_o6/workspaces/2099-01-01'...
done.
...{"status": "workspace_failed", "date": "2026-10-04", "control_repo": "<REMOTE_HOME>/npc_voice_panel_3d", "error": "workspace denied", "notification_rc": 0}
....Cloning into '/tmp/tmp5d_tarfg/workspaces/2099-01-01'...
done.
From /tmp/tmp5d_tarfg/remote
 * branch            main       -> FETCH_HEAD
..
----------------------------------------------------------------------
Ran 56 tests in 0.640s

OK
