......................Cloning into '/tmp/tmp60y3fc9v/private/repo'...
done.
[main 6a4d930] fix(autoloop): repair test failure
 1 file changed, 1 insertion(+), 1 deletion(-)
To /tmp/tmp60y3fc9v/remote.git
   1734333..6a4d930  HEAD -> main
.........hint: Using 'master' as the name for the initial branch. This default branch name
hint: is subject to change. To configure the initial branch name to use in all
hint: of your new repositories, which will suppress this warning, call:
hint: 
hint: 	git config --global init.defaultBranch <name>
hint: 
hint: Names commonly chosen instead of 'master' are 'main', 'trunk' and
hint: 'development'. The just-created branch can be renamed via this command:
hint: 
hint: 	git branch -m <name>
Initialized empty Git repository in /tmp/tmpbedqekce/remote.git/
Initialized empty Git repository in /tmp/tmpbedqekce/seed/.git/
[main (root-commit) 0d6dd78] base
 1 file changed, 1 insertion(+)
 create mode 100644 base.txt
To /tmp/tmpbedqekce/remote.git
 * [new branch]      main -> main
branch 'main' set up to track 'origin/main'.
Cloning into '/tmp/tmpbedqekce/execution'...
done.
[main 7544c18] remote advance
 1 file changed, 1 insertion(+)
 create mode 100644 remote.txt
To /tmp/tmpbedqekce/remote.git
   0d6dd78..7544c18  main -> main
[main 5761ef2] local divergence
 1 file changed, 1 insertion(+)
 create mode 100644 local.txt
Cloning into '/tmp/autoloop-archive-2099-01-01-0_zk58mk/repo'...
done.
[main 917d4dc] chore(autoloop): Supervisor 留档 2099-01-01
 4 files changed, 23 insertions(+)
 create mode 100644 .autoloop/runs/public-evidence/2099-01-01/2099-01-01_attempt_01/metrics.json
 create mode 100644 .autoloop/runs/public-evidence/2099-01-01/manifest.json
 create mode 100644 .autoloop/runs/public-evidence/2099-01-01/privacy-scan.json
 create mode 100644 .autoloop/runs/public-evidence/2099-01-01/state.json
To /tmp/tmpbedqekce/remote.git
   7544c18..917d4dc  HEAD -> main
fatal: path '.autoloop/journal/assets/2099-01-01-online.png' does not exist in 'main'
................Cloning into '/tmp/tmpg36zljd1/workspaces/2099-01-01'...
done.
...{"status": "workspace_failed", "date": "2026-09-20", "control_repo": "<REMOTE_HOME>/npc_voice_panel_3d", "error": "workspace denied", "notification_rc": 0}
....Cloning into '/tmp/tmpc8msppco/workspaces/2099-01-01'...
done.
From /tmp/tmpc8msppco/remote
 * branch            main       -> FETCH_HEAD
..
----------------------------------------------------------------------
Ran 56 tests in 0.642s

OK
