.....................Cloning into '/tmp/tmpo8hvkcvn/private/repo'...
done.
[main cc1f8f1] fix(autoloop): repair test failure
 1 file changed, 1 insertion(+), 1 deletion(-)
To /tmp/tmpo8hvkcvn/remote.git
   bf6880d..cc1f8f1  HEAD -> main
.........hint: Using 'master' as the name for the initial branch. This default branch name
hint: is subject to change. To configure the initial branch name to use in all
hint: of your new repositories, which will suppress this warning, call:
hint: 
hint: 	git config --global init.defaultBranch <name>
hint: 
hint: Names commonly chosen instead of 'master' are 'main', 'trunk' and
hint: 'development'. The just-created branch can be renamed via this command:
hint: 
hint: 	git branch -m <name>
Initialized empty Git repository in /tmp/tmptforrd4g/remote.git/
Initialized empty Git repository in /tmp/tmptforrd4g/seed/.git/
[main (root-commit) 58c4296] base
 1 file changed, 1 insertion(+)
 create mode 100644 base.txt
To /tmp/tmptforrd4g/remote.git
 * [new branch]      main -> main
branch 'main' set up to track 'origin/main'.
Cloning into '/tmp/tmptforrd4g/execution'...
done.
[main ebec3ac] remote advance
 1 file changed, 1 insertion(+)
 create mode 100644 remote.txt
To /tmp/tmptforrd4g/remote.git
   58c4296..ebec3ac  main -> main
[main c2b65b7] local divergence
 1 file changed, 1 insertion(+)
 create mode 100644 local.txt
Cloning into '/tmp/autoloop-archive-2099-01-01-tgd0clcw/repo'...
done.
[main 6c0949e] chore(autoloop): Supervisor 留档 2099-01-01
 4 files changed, 23 insertions(+)
 create mode 100644 .autoloop/runs/public-evidence/2099-01-01/2099-01-01_attempt_01/metrics.json
 create mode 100644 .autoloop/runs/public-evidence/2099-01-01/manifest.json
 create mode 100644 .autoloop/runs/public-evidence/2099-01-01/privacy-scan.json
 create mode 100644 .autoloop/runs/public-evidence/2099-01-01/state.json
To /tmp/tmptforrd4g/remote.git
   ebec3ac..6c0949e  HEAD -> main
fatal: path '.autoloop/journal/assets/2099-01-01-online.png' does not exist in 'main'
................Cloning into '/tmp/tmpayi29g12/workspaces/2099-01-01'...
done.
...{"status": "workspace_failed", "date": "2026-09-03", "control_repo": "<REMOTE_HOME>/npc_voice_panel_3d", "error": "workspace denied", "notification_rc": 0}
....Cloning into '/tmp/tmpsvq3j2vu/workspaces/2099-01-01'...
done.
From /tmp/tmpsvq3j2vu/remote
 * branch            main       -> FETCH_HEAD
..
----------------------------------------------------------------------
Ran 55 tests in 0.622s

OK
