......................Cloning into '/tmp/tmpmlrl3ehf/private/repo'...
done.
[main 2a5f2d5] fix(autoloop): repair test failure
 1 file changed, 1 insertion(+), 1 deletion(-)
To /tmp/tmpmlrl3ehf/remote.git
   9915292..2a5f2d5  HEAD -> main
.........hint: Using 'master' as the name for the initial branch. This default branch name
hint: is subject to change. To configure the initial branch name to use in all
hint: of your new repositories, which will suppress this warning, call:
hint: 
hint: 	git config --global init.defaultBranch <name>
hint: 
hint: Names commonly chosen instead of 'master' are 'main', 'trunk' and
hint: 'development'. The just-created branch can be renamed via this command:
hint: 
hint: 	git branch -m <name>
Initialized empty Git repository in /tmp/tmpi1wh37mq/remote.git/
Initialized empty Git repository in /tmp/tmpi1wh37mq/seed/.git/
[main (root-commit) 806a8b2] base
 1 file changed, 1 insertion(+)
 create mode 100644 base.txt
To /tmp/tmpi1wh37mq/remote.git
 * [new branch]      main -> main
branch 'main' set up to track 'origin/main'.
Cloning into '/tmp/tmpi1wh37mq/execution'...
done.
[main a71d628] remote advance
 1 file changed, 1 insertion(+)
 create mode 100644 remote.txt
To /tmp/tmpi1wh37mq/remote.git
   806a8b2..a71d628  main -> main
[main 5c199d6] local divergence
 1 file changed, 1 insertion(+)
 create mode 100644 local.txt
Cloning into '/tmp/autoloop-archive-2099-01-01-i84sshxb/repo'...
done.
[main baa80ec] chore(autoloop): Supervisor 留档 2099-01-01
 4 files changed, 23 insertions(+)
 create mode 100644 .autoloop/runs/public-evidence/2099-01-01/2099-01-01_attempt_01/metrics.json
 create mode 100644 .autoloop/runs/public-evidence/2099-01-01/manifest.json
 create mode 100644 .autoloop/runs/public-evidence/2099-01-01/privacy-scan.json
 create mode 100644 .autoloop/runs/public-evidence/2099-01-01/state.json
To /tmp/tmpi1wh37mq/remote.git
   a71d628..baa80ec  HEAD -> main
fatal: path '.autoloop/journal/assets/2099-01-01-online.png' does not exist in 'main'
................Cloning into '/tmp/tmp5b9sffjt/workspaces/2099-01-01'...
done.
...{"status": "workspace_failed", "date": "2026-09-08", "control_repo": "<REMOTE_HOME>/npc_voice_panel_3d", "error": "workspace denied", "notification_rc": 0}
....Cloning into '/tmp/tmpukug2jrw/workspaces/2099-01-01'...
done.
From /tmp/tmpukug2jrw/remote
 * branch            main       -> FETCH_HEAD
..
----------------------------------------------------------------------
Ran 56 tests in 0.637s

OK
