...hint: Using 'master' as the name for the initial branch. This default branch name
hint: is subject to change. To configure the initial branch name to use in all
hint: of your new repositories, which will suppress this warning, call:
hint: 
hint: 	git config --global init.defaultBranch <name>
hint: 
hint: Names commonly chosen instead of 'master' are 'main', 'trunk' and
hint: 'development'. The just-created branch can be renamed via this command:
hint: 
hint: 	git branch -m <name>
Initialized empty Git repository in /tmp/tmpr2dnr8ug/remote.git/
Initialized empty Git repository in /tmp/tmpr2dnr8ug/seed/.git/
[main (root-commit) 770a5c9] base
 1 file changed, 1 insertion(+)
 create mode 100644 base.txt
To /tmp/tmpr2dnr8ug/remote.git
 * [new branch]      main -> main
branch 'main' set up to track 'origin/main'.
Cloning into '/tmp/tmpr2dnr8ug/execution'...
done.
[main 68c37bf] remote advance
 1 file changed, 1 insertion(+)
 create mode 100644 remote.txt
To /tmp/tmpr2dnr8ug/remote.git
   770a5c9..68c37bf  main -> main
[main fb5c419] local divergence
 1 file changed, 1 insertion(+)
 create mode 100644 local.txt
Cloning into '/tmp/autoloop-archive-2099-01-01-q37bo85_/repo'...
done.
[main 96c0e73] chore(autoloop): Supervisor 留档 2099-01-01
 4 files changed, 23 insertions(+)
 create mode 100644 .autoloop/runs/public-evidence/2099-01-01/2099-01-01_attempt_01/metrics.json
 create mode 100644 .autoloop/runs/public-evidence/2099-01-01/manifest.json
 create mode 100644 .autoloop/runs/public-evidence/2099-01-01/privacy-scan.json
 create mode 100644 .autoloop/runs/public-evidence/2099-01-01/state.json
To /tmp/tmpr2dnr8ug/remote.git
   68c37bf..96c0e73  HEAD -> main
fatal: path '.autoloop/journal/assets/2099-01-01-online.png' does not exist in 'main'
................
----------------------------------------------------------------------
Ran 19 tests in 0.118s

OK
.
----------------------------------------------------------------------
Ran 1 test in 0.021s

OK
....
----------------------------------------------------------------------
Ran 4 tests in 0.001s

OK
..
----------------------------------------------------------------------
Ran 2 tests in 0.035s

OK
..
----------------------------------------------------------------------
Ran 2 tests in 0.002s

OK
Cloning into '/tmp/tmp7q37p8oy/private/repo'...
done.
[main 73035e4] fix(autoloop): repair test failure
 1 file changed, 1 insertion(+), 1 deletion(-)
To /tmp/tmp7q37p8oy/remote.git
   4f0b210..73035e4  HEAD -> main
...
----------------------------------------------------------------------
Ran 3 tests in 0.151s

OK
Cloning into '/tmp/tmpoab61ytt/workspaces/2099-01-01'...
done.
...{"status": "workspace_failed", "date": "2026-08-25", "control_repo": "<REMOTE_HOME>/npc_voice_panel_3d", "error": "workspace denied", "notification_rc": 0}
....Cloning into '/tmp/tmpr1pgv6p0/workspaces/2099-01-01'...
done.
From /tmp/tmpr1pgv6p0/remote
 * branch            main       -> FETCH_HEAD
..
----------------------------------------------------------------------
Ran 9 tests in 0.149s

OK
