......................Cloning into '/tmp/tmpoub8b5ye/private/repo'...
done.
[main 591b071] fix(autoloop): repair test failure
 1 file changed, 1 insertion(+), 1 deletion(-)
To /tmp/tmpoub8b5ye/remote.git
   7cf44f1..591b071  HEAD -> main
.........hint: Using 'master' as the name for the initial branch. This default branch name
hint: is subject to change. To configure the initial branch name to use in all
hint: of your new repositories, which will suppress this warning, call:
hint: 
hint: 	git config --global init.defaultBranch <name>
hint: 
hint: Names commonly chosen instead of 'master' are 'main', 'trunk' and
hint: 'development'. The just-created branch can be renamed via this command:
hint: 
hint: 	git branch -m <name>
Initialized empty Git repository in /tmp/tmps1skd1ho/remote.git/
Initialized empty Git repository in /tmp/tmps1skd1ho/seed/.git/
[main (root-commit) deebb1f] base
 1 file changed, 1 insertion(+)
 create mode 100644 base.txt
To /tmp/tmps1skd1ho/remote.git
 * [new branch]      main -> main
branch 'main' set up to track 'origin/main'.
Cloning into '/tmp/tmps1skd1ho/execution'...
done.
[main f544aad] remote advance
 1 file changed, 1 insertion(+)
 create mode 100644 remote.txt
To /tmp/tmps1skd1ho/remote.git
   deebb1f..f544aad  main -> main
[main a0d8940] local divergence
 1 file changed, 1 insertion(+)
 create mode 100644 local.txt
Cloning into '/tmp/autoloop-archive-2099-01-01-n9j9q6g0/repo'...
done.
[main 21601ac] chore(autoloop): Supervisor 留档 2099-01-01
 4 files changed, 23 insertions(+)
 create mode 100644 .autoloop/runs/public-evidence/2099-01-01/2099-01-01_attempt_01/metrics.json
 create mode 100644 .autoloop/runs/public-evidence/2099-01-01/manifest.json
 create mode 100644 .autoloop/runs/public-evidence/2099-01-01/privacy-scan.json
 create mode 100644 .autoloop/runs/public-evidence/2099-01-01/state.json
To /tmp/tmps1skd1ho/remote.git
   f544aad..21601ac  HEAD -> main
fatal: path '.autoloop/journal/assets/2099-01-01-online.png' does not exist in 'main'
................Cloning into '/tmp/tmpblzpp_63/workspaces/2099-01-01'...
done.
...{"status": "workspace_failed", "date": "2026-09-28", "control_repo": "<REMOTE_HOME>/npc_voice_panel_3d", "error": "workspace denied", "notification_rc": 0}
....Cloning into '/tmp/tmp38drnxlq/workspaces/2099-01-01'...
done.
From /tmp/tmp38drnxlq/remote
 * branch            main       -> FETCH_HEAD
..
----------------------------------------------------------------------
Ran 56 tests in 0.637s

OK
