......................Cloning into '/tmp/tmpmloaa_cn/private/repo'...
done.
[main d6a18ec] fix(autoloop): repair test failure
 1 file changed, 1 insertion(+), 1 deletion(-)
To /tmp/tmpmloaa_cn/remote.git
   ef01aa7..d6a18ec  HEAD -> main
.........hint: Using 'master' as the name for the initial branch. This default branch name
hint: is subject to change. To configure the initial branch name to use in all
hint: of your new repositories, which will suppress this warning, call:
hint: 
hint: 	git config --global init.defaultBranch <name>
hint: 
hint: Names commonly chosen instead of 'master' are 'main', 'trunk' and
hint: 'development'. The just-created branch can be renamed via this command:
hint: 
hint: 	git branch -m <name>
Initialized empty Git repository in /tmp/tmpz9wl6u8f/remote.git/
Initialized empty Git repository in /tmp/tmpz9wl6u8f/seed/.git/
[main (root-commit) e597668] base
 1 file changed, 1 insertion(+)
 create mode 100644 base.txt
To /tmp/tmpz9wl6u8f/remote.git
 * [new branch]      main -> main
branch 'main' set up to track 'origin/main'.
Cloning into '/tmp/tmpz9wl6u8f/execution'...
done.
[main fc78429] remote advance
 1 file changed, 1 insertion(+)
 create mode 100644 remote.txt
To /tmp/tmpz9wl6u8f/remote.git
   e597668..fc78429  main -> main
[main 2aa364d] local divergence
 1 file changed, 1 insertion(+)
 create mode 100644 local.txt
Cloning into '/tmp/autoloop-archive-2099-01-01-nfp9cn78/repo'...
done.
[main a1a4225] chore(autoloop): Supervisor 留档 2099-01-01
 4 files changed, 23 insertions(+)
 create mode 100644 .autoloop/runs/public-evidence/2099-01-01/2099-01-01_attempt_01/metrics.json
 create mode 100644 .autoloop/runs/public-evidence/2099-01-01/manifest.json
 create mode 100644 .autoloop/runs/public-evidence/2099-01-01/privacy-scan.json
 create mode 100644 .autoloop/runs/public-evidence/2099-01-01/state.json
To /tmp/tmpz9wl6u8f/remote.git
   fc78429..a1a4225  HEAD -> main
fatal: path '.autoloop/journal/assets/2099-01-01-online.png' does not exist in 'main'
................Cloning into '/tmp/tmp5bz6zhcj/workspaces/2099-01-01'...
done.
...{"status": "workspace_failed", "date": "2026-10-02", "control_repo": "<REMOTE_HOME>/npc_voice_panel_3d", "error": "workspace denied", "notification_rc": 0}
....Cloning into '/tmp/tmpdy6uo7t_/workspaces/2099-01-01'...
done.
From /tmp/tmpdy6uo7t_/remote
 * branch            main       -> FETCH_HEAD
..
----------------------------------------------------------------------
Ran 56 tests in 0.647s

OK
