......................Cloning into '/tmp/tmpyggl5k23/private/repo'...
done.
[main 99555e6] fix(autoloop): repair test failure
 1 file changed, 1 insertion(+), 1 deletion(-)
To /tmp/tmpyggl5k23/remote.git
   2ce97dc..99555e6  HEAD -> main
.........hint: Using 'master' as the name for the initial branch. This default branch name
hint: is subject to change. To configure the initial branch name to use in all
hint: of your new repositories, which will suppress this warning, call:
hint: 
hint: 	git config --global init.defaultBranch <name>
hint: 
hint: Names commonly chosen instead of 'master' are 'main', 'trunk' and
hint: 'development'. The just-created branch can be renamed via this command:
hint: 
hint: 	git branch -m <name>
Initialized empty Git repository in /tmp/tmpa1dtj97r/remote.git/
Initialized empty Git repository in /tmp/tmpa1dtj97r/seed/.git/
[main (root-commit) 08b67b0] base
 1 file changed, 1 insertion(+)
 create mode 100644 base.txt
To /tmp/tmpa1dtj97r/remote.git
 * [new branch]      main -> main
branch 'main' set up to track 'origin/main'.
Cloning into '/tmp/tmpa1dtj97r/execution'...
done.
[main a88e031] remote advance
 1 file changed, 1 insertion(+)
 create mode 100644 remote.txt
To /tmp/tmpa1dtj97r/remote.git
   08b67b0..a88e031  main -> main
[main ac903ad] local divergence
 1 file changed, 1 insertion(+)
 create mode 100644 local.txt
Cloning into '/tmp/autoloop-archive-2099-01-01-h5d3z5dh/repo'...
done.
[main 9526481] chore(autoloop): Supervisor 留档 2099-01-01
 4 files changed, 23 insertions(+)
 create mode 100644 .autoloop/runs/public-evidence/2099-01-01/2099-01-01_attempt_01/metrics.json
 create mode 100644 .autoloop/runs/public-evidence/2099-01-01/manifest.json
 create mode 100644 .autoloop/runs/public-evidence/2099-01-01/privacy-scan.json
 create mode 100644 .autoloop/runs/public-evidence/2099-01-01/state.json
To /tmp/tmpa1dtj97r/remote.git
   a88e031..9526481  HEAD -> main
fatal: path '.autoloop/journal/assets/2099-01-01-online.png' does not exist in 'main'
................Cloning into '/tmp/tmp05hw4dhp/workspaces/2099-01-01'...
done.
...{"status": "workspace_failed", "date": "2026-09-10", "control_repo": "<REMOTE_HOME>/npc_voice_panel_3d", "error": "workspace denied", "notification_rc": 0}
....Cloning into '/tmp/tmpx7azprec/workspaces/2099-01-01'...
done.
From /tmp/tmpx7azprec/remote
 * branch            main       -> FETCH_HEAD
..
----------------------------------------------------------------------
Ran 56 tests in 0.642s

OK
