......................Cloning into '/tmp/tmppnvk3fbh/private/repo'...
done.
[main cccb68d] fix(autoloop): repair test failure
 1 file changed, 1 insertion(+), 1 deletion(-)
To /tmp/tmppnvk3fbh/remote.git
   6ed8686..cccb68d  HEAD -> main
.........hint: Using 'master' as the name for the initial branch. This default branch name
hint: is subject to change. To configure the initial branch name to use in all
hint: of your new repositories, which will suppress this warning, call:
hint: 
hint: 	git config --global init.defaultBranch <name>
hint: 
hint: Names commonly chosen instead of 'master' are 'main', 'trunk' and
hint: 'development'. The just-created branch can be renamed via this command:
hint: 
hint: 	git branch -m <name>
Initialized empty Git repository in /tmp/tmpken8_a96/remote.git/
Initialized empty Git repository in /tmp/tmpken8_a96/seed/.git/
[main (root-commit) 45567db] base
 1 file changed, 1 insertion(+)
 create mode 100644 base.txt
To /tmp/tmpken8_a96/remote.git
 * [new branch]      main -> main
branch 'main' set up to track 'origin/main'.
Cloning into '/tmp/tmpken8_a96/execution'...
done.
[main 0fd6073] remote advance
 1 file changed, 1 insertion(+)
 create mode 100644 remote.txt
To /tmp/tmpken8_a96/remote.git
   45567db..0fd6073  main -> main
[main a51f487] local divergence
 1 file changed, 1 insertion(+)
 create mode 100644 local.txt
Cloning into '/tmp/autoloop-archive-2099-01-01-6ohy61zz/repo'...
done.
[main 9d7f7ac] chore(autoloop): Supervisor 留档 2099-01-01
 4 files changed, 23 insertions(+)
 create mode 100644 .autoloop/runs/public-evidence/2099-01-01/2099-01-01_attempt_01/metrics.json
 create mode 100644 .autoloop/runs/public-evidence/2099-01-01/manifest.json
 create mode 100644 .autoloop/runs/public-evidence/2099-01-01/privacy-scan.json
 create mode 100644 .autoloop/runs/public-evidence/2099-01-01/state.json
To /tmp/tmpken8_a96/remote.git
   0fd6073..9d7f7ac  HEAD -> main
fatal: path '.autoloop/journal/assets/2099-01-01-online.png' does not exist in 'main'
................Cloning into '/tmp/tmpn4my_w28/workspaces/2099-01-01'...
done.
...{"status": "workspace_failed", "date": "2026-09-25", "control_repo": "<REMOTE_HOME>/npc_voice_panel_3d", "error": "workspace denied", "notification_rc": 0}
....Cloning into '/tmp/tmp3kyytj09/workspaces/2099-01-01'...
done.
From /tmp/tmp3kyytj09/remote
 * branch            main       -> FETCH_HEAD
..
----------------------------------------------------------------------
Ran 56 tests in 0.637s

OK
