......................Cloning into '/tmp/tmpwiq5w2tr/private/repo'...
done.
[main d624ab8] fix(autoloop): repair test failure
 1 file changed, 1 insertion(+), 1 deletion(-)
To /tmp/tmpwiq5w2tr/remote.git
   8a1488c..d624ab8  HEAD -> main
.........hint: Using 'master' as the name for the initial branch. This default branch name
hint: is subject to change. To configure the initial branch name to use in all
hint: of your new repositories, which will suppress this warning, call:
hint: 
hint: 	git config --global init.defaultBranch <name>
hint: 
hint: Names commonly chosen instead of 'master' are 'main', 'trunk' and
hint: 'development'. The just-created branch can be renamed via this command:
hint: 
hint: 	git branch -m <name>
Initialized empty Git repository in /tmp/tmp8x_6w12f/remote.git/
Initialized empty Git repository in /tmp/tmp8x_6w12f/seed/.git/
[main (root-commit) 6051892] base
 1 file changed, 1 insertion(+)
 create mode 100644 base.txt
To /tmp/tmp8x_6w12f/remote.git
 * [new branch]      main -> main
branch 'main' set up to track 'origin/main'.
Cloning into '/tmp/tmp8x_6w12f/execution'...
done.
[main fc5a6e0] remote advance
 1 file changed, 1 insertion(+)
 create mode 100644 remote.txt
To /tmp/tmp8x_6w12f/remote.git
   6051892..fc5a6e0  main -> main
[main d4f3767] local divergence
 1 file changed, 1 insertion(+)
 create mode 100644 local.txt
Cloning into '/tmp/autoloop-archive-2099-01-01-aiog90n7/repo'...
done.
[main 5dc2296] chore(autoloop): Supervisor 留档 2099-01-01
 4 files changed, 23 insertions(+)
 create mode 100644 .autoloop/runs/public-evidence/2099-01-01/2099-01-01_attempt_01/metrics.json
 create mode 100644 .autoloop/runs/public-evidence/2099-01-01/manifest.json
 create mode 100644 .autoloop/runs/public-evidence/2099-01-01/privacy-scan.json
 create mode 100644 .autoloop/runs/public-evidence/2099-01-01/state.json
To /tmp/tmp8x_6w12f/remote.git
   fc5a6e0..5dc2296  HEAD -> main
fatal: path '.autoloop/journal/assets/2099-01-01-online.png' does not exist in 'main'
................Cloning into '/tmp/tmpn3pxyfvm/workspaces/2099-01-01'...
done.
...{"status": "workspace_failed", "date": "2026-09-17", "control_repo": "<REMOTE_HOME>/npc_voice_panel_3d", "error": "workspace denied", "notification_rc": 0}
....Cloning into '/tmp/tmpe31njdxx/workspaces/2099-01-01'...
done.
From /tmp/tmpe31njdxx/remote
 * branch            main       -> FETCH_HEAD
..
----------------------------------------------------------------------
Ran 56 tests in 0.642s

OK
