......................Cloning into '/tmp/tmp8y4bmrf_/private/repo'...
done.
[main ef1ee12] fix(autoloop): repair test failure
 1 file changed, 1 insertion(+), 1 deletion(-)
To /tmp/tmp8y4bmrf_/remote.git
   56ed6f5..ef1ee12  HEAD -> main
.........hint: Using 'master' as the name for the initial branch. This default branch name
hint: is subject to change. To configure the initial branch name to use in all
hint: of your new repositories, which will suppress this warning, call:
hint: 
hint: 	git config --global init.defaultBranch <name>
hint: 
hint: Names commonly chosen instead of 'master' are 'main', 'trunk' and
hint: 'development'. The just-created branch can be renamed via this command:
hint: 
hint: 	git branch -m <name>
Initialized empty Git repository in /tmp/tmpmfzn3gex/remote.git/
Initialized empty Git repository in /tmp/tmpmfzn3gex/seed/.git/
[main (root-commit) b91e5e0] base
 1 file changed, 1 insertion(+)
 create mode 100644 base.txt
To /tmp/tmpmfzn3gex/remote.git
 * [new branch]      main -> main
branch 'main' set up to track 'origin/main'.
Cloning into '/tmp/tmpmfzn3gex/execution'...
done.
[main 80bb41f] remote advance
 1 file changed, 1 insertion(+)
 create mode 100644 remote.txt
To /tmp/tmpmfzn3gex/remote.git
   b91e5e0..80bb41f  main -> main
[main 63ec456] local divergence
 1 file changed, 1 insertion(+)
 create mode 100644 local.txt
Cloning into '/tmp/autoloop-archive-2099-01-01-yk2vj9nr/repo'...
done.
[main 0db3951] chore(autoloop): Supervisor 留档 2099-01-01
 4 files changed, 23 insertions(+)
 create mode 100644 .autoloop/runs/public-evidence/2099-01-01/2099-01-01_attempt_01/metrics.json
 create mode 100644 .autoloop/runs/public-evidence/2099-01-01/manifest.json
 create mode 100644 .autoloop/runs/public-evidence/2099-01-01/privacy-scan.json
 create mode 100644 .autoloop/runs/public-evidence/2099-01-01/state.json
To /tmp/tmpmfzn3gex/remote.git
   80bb41f..0db3951  HEAD -> main
fatal: path '.autoloop/journal/assets/2099-01-01-online.png' does not exist in 'main'
................Cloning into '/tmp/tmpixe574yt/workspaces/2099-01-01'...
done.
...{"status": "workspace_failed", "date": "2026-09-12", "control_repo": "<REMOTE_HOME>/npc_voice_panel_3d", "error": "workspace denied", "notification_rc": 0}
....Cloning into '/tmp/tmpu6us318e/workspaces/2099-01-01'...
done.
From /tmp/tmpu6us318e/remote
 * branch            main       -> FETCH_HEAD
..
----------------------------------------------------------------------
Ran 56 tests in 0.637s

OK
