......................Cloning into '/tmp/tmpdwp4s6qp/private/repo'...
done.
[main 728309c] fix(autoloop): repair test failure
 1 file changed, 1 insertion(+), 1 deletion(-)
To /tmp/tmpdwp4s6qp/remote.git
   131ff98..728309c  HEAD -> main
.........hint: Using 'master' as the name for the initial branch. This default branch name
hint: is subject to change. To configure the initial branch name to use in all
hint: of your new repositories, which will suppress this warning, call:
hint: 
hint: 	git config --global init.defaultBranch <name>
hint: 
hint: Names commonly chosen instead of 'master' are 'main', 'trunk' and
hint: 'development'. The just-created branch can be renamed via this command:
hint: 
hint: 	git branch -m <name>
Initialized empty Git repository in /tmp/tmpmea2_0mj/remote.git/
Initialized empty Git repository in /tmp/tmpmea2_0mj/seed/.git/
[main (root-commit) f066a6a] base
 1 file changed, 1 insertion(+)
 create mode 100644 base.txt
To /tmp/tmpmea2_0mj/remote.git
 * [new branch]      main -> main
branch 'main' set up to track 'origin/main'.
Cloning into '/tmp/tmpmea2_0mj/execution'...
done.
[main e9b058e] remote advance
 1 file changed, 1 insertion(+)
 create mode 100644 remote.txt
To /tmp/tmpmea2_0mj/remote.git
   f066a6a..e9b058e  main -> main
[main 6af8d9a] local divergence
 1 file changed, 1 insertion(+)
 create mode 100644 local.txt
Cloning into '/tmp/autoloop-archive-2099-01-01-pp_nhu3o/repo'...
done.
[main e4b40dc] chore(autoloop): Supervisor 留档 2099-01-01
 4 files changed, 23 insertions(+)
 create mode 100644 .autoloop/runs/public-evidence/2099-01-01/2099-01-01_attempt_01/metrics.json
 create mode 100644 .autoloop/runs/public-evidence/2099-01-01/manifest.json
 create mode 100644 .autoloop/runs/public-evidence/2099-01-01/privacy-scan.json
 create mode 100644 .autoloop/runs/public-evidence/2099-01-01/state.json
To /tmp/tmpmea2_0mj/remote.git
   e9b058e..e4b40dc  HEAD -> main
fatal: path '.autoloop/journal/assets/2099-01-01-online.png' does not exist in 'main'
................Cloning into '/tmp/tmpyuigpg51/workspaces/2099-01-01'...
done.
...{"status": "workspace_failed", "date": "2026-09-14", "control_repo": "<REMOTE_HOME>/npc_voice_panel_3d", "error": "workspace denied", "notification_rc": 0}
....Cloning into '/tmp/tmpu9u3rte0/workspaces/2099-01-01'...
done.
From /tmp/tmpu9u3rte0/remote
 * branch            main       -> FETCH_HEAD
..
----------------------------------------------------------------------
Ran 56 tests in 0.641s

OK
