......................Cloning into '/tmp/tmpq76ughu7/private/repo'...
done.
[main d460986] fix(autoloop): repair test failure
 1 file changed, 1 insertion(+), 1 deletion(-)
To /tmp/tmpq76ughu7/remote.git
   30b6d36..d460986  HEAD -> main
.........hint: Using 'master' as the name for the initial branch. This default branch name
hint: is subject to change. To configure the initial branch name to use in all
hint: of your new repositories, which will suppress this warning, call:
hint: 
hint: 	git config --global init.defaultBranch <name>
hint: 
hint: Names commonly chosen instead of 'master' are 'main', 'trunk' and
hint: 'development'. The just-created branch can be renamed via this command:
hint: 
hint: 	git branch -m <name>
Initialized empty Git repository in /tmp/tmpchfwb0pf/remote.git/
Initialized empty Git repository in /tmp/tmpchfwb0pf/seed/.git/
[main (root-commit) a44d4e8] base
 1 file changed, 1 insertion(+)
 create mode 100644 base.txt
To /tmp/tmpchfwb0pf/remote.git
 * [new branch]      main -> main
branch 'main' set up to track 'origin/main'.
Cloning into '/tmp/tmpchfwb0pf/execution'...
done.
[main 5880b76] remote advance
 1 file changed, 1 insertion(+)
 create mode 100644 remote.txt
To /tmp/tmpchfwb0pf/remote.git
   a44d4e8..5880b76  main -> main
[main 6dfd87b] local divergence
 1 file changed, 1 insertion(+)
 create mode 100644 local.txt
Cloning into '/tmp/autoloop-archive-2099-01-01-u54k_4he/repo'...
done.
[main f5da7cb] chore(autoloop): Supervisor 留档 2099-01-01
 4 files changed, 23 insertions(+)
 create mode 100644 .autoloop/runs/public-evidence/2099-01-01/2099-01-01_attempt_01/metrics.json
 create mode 100644 .autoloop/runs/public-evidence/2099-01-01/manifest.json
 create mode 100644 .autoloop/runs/public-evidence/2099-01-01/privacy-scan.json
 create mode 100644 .autoloop/runs/public-evidence/2099-01-01/state.json
To /tmp/tmpchfwb0pf/remote.git
   5880b76..f5da7cb  HEAD -> main
fatal: path '.autoloop/journal/assets/2099-01-01-online.png' does not exist in 'main'
................Cloning into '/tmp/tmps5_xj113/workspaces/2099-01-01'...
done.
...{"status": "workspace_failed", "date": "2026-09-26", "control_repo": "<REMOTE_HOME>/npc_voice_panel_3d", "error": "workspace denied", "notification_rc": 0}
....Cloning into '/tmp/tmpez1e5miz/workspaces/2099-01-01'...
done.
From /tmp/tmpez1e5miz/remote
 * branch            main       -> FETCH_HEAD
..
----------------------------------------------------------------------
Ran 56 tests in 0.638s

OK
