......................Cloning into '/tmp/tmpiymjjuzc/private/repo'...
done.
[main b2d8fd0] fix(autoloop): repair test failure
 1 file changed, 1 insertion(+), 1 deletion(-)
To /tmp/tmpiymjjuzc/remote.git
   478c153..b2d8fd0  HEAD -> main
.........hint: Using 'master' as the name for the initial branch. This default branch name
hint: is subject to change. To configure the initial branch name to use in all
hint: of your new repositories, which will suppress this warning, call:
hint: 
hint: 	git config --global init.defaultBranch <name>
hint: 
hint: Names commonly chosen instead of 'master' are 'main', 'trunk' and
hint: 'development'. The just-created branch can be renamed via this command:
hint: 
hint: 	git branch -m <name>
Initialized empty Git repository in /tmp/tmp8jsqytvr/remote.git/
Initialized empty Git repository in /tmp/tmp8jsqytvr/seed/.git/
[main (root-commit) b0916a0] base
 1 file changed, 1 insertion(+)
 create mode 100644 base.txt
To /tmp/tmp8jsqytvr/remote.git
 * [new branch]      main -> main
branch 'main' set up to track 'origin/main'.
Cloning into '/tmp/tmp8jsqytvr/execution'...
done.
[main 8460a00] remote advance
 1 file changed, 1 insertion(+)
 create mode 100644 remote.txt
To /tmp/tmp8jsqytvr/remote.git
   b0916a0..8460a00  main -> main
[main 0ba2c14] local divergence
 1 file changed, 1 insertion(+)
 create mode 100644 local.txt
Cloning into '/tmp/autoloop-archive-2099-01-01-lah72fcf/repo'...
done.
[main cb66b03] chore(autoloop): Supervisor 留档 2099-01-01
 4 files changed, 23 insertions(+)
 create mode 100644 .autoloop/runs/public-evidence/2099-01-01/2099-01-01_attempt_01/metrics.json
 create mode 100644 .autoloop/runs/public-evidence/2099-01-01/manifest.json
 create mode 100644 .autoloop/runs/public-evidence/2099-01-01/privacy-scan.json
 create mode 100644 .autoloop/runs/public-evidence/2099-01-01/state.json
To /tmp/tmp8jsqytvr/remote.git
   8460a00..cb66b03  HEAD -> main
fatal: path '.autoloop/journal/assets/2099-01-01-online.png' does not exist in 'main'
................Cloning into '/tmp/tmp8xbadxf0/workspaces/2099-01-01'...
done.
...{"status": "workspace_failed", "date": "2026-09-15", "control_repo": "<REMOTE_HOME>/npc_voice_panel_3d", "error": "workspace denied", "notification_rc": 0}
....Cloning into '/tmp/tmpdgiiq43c/workspaces/2099-01-01'...
done.
From /tmp/tmpdgiiq43c/remote
 * branch            main       -> FETCH_HEAD
..
----------------------------------------------------------------------
Ran 56 tests in 0.641s

OK
