......................Cloning into '/tmp/tmpa0pqc0gy/private/repo'...
done.
[main 8d72496] fix(autoloop): repair test failure
 1 file changed, 1 insertion(+), 1 deletion(-)
To /tmp/tmpa0pqc0gy/remote.git
   5c01844..8d72496  HEAD -> main
.........hint: Using 'master' as the name for the initial branch. This default branch name
hint: is subject to change. To configure the initial branch name to use in all
hint: of your new repositories, which will suppress this warning, call:
hint: 
hint: 	git config --global init.defaultBranch <name>
hint: 
hint: Names commonly chosen instead of 'master' are 'main', 'trunk' and
hint: 'development'. The just-created branch can be renamed via this command:
hint: 
hint: 	git branch -m <name>
Initialized empty Git repository in /tmp/tmpvo9b42t1/remote.git/
Initialized empty Git repository in /tmp/tmpvo9b42t1/seed/.git/
[main (root-commit) ca619e1] base
 1 file changed, 1 insertion(+)
 create mode 100644 base.txt
To /tmp/tmpvo9b42t1/remote.git
 * [new branch]      main -> main
branch 'main' set up to track 'origin/main'.
Cloning into '/tmp/tmpvo9b42t1/execution'...
done.
[main 8dd75bb] remote advance
 1 file changed, 1 insertion(+)
 create mode 100644 remote.txt
To /tmp/tmpvo9b42t1/remote.git
   ca619e1..8dd75bb  main -> main
[main d2472fb] local divergence
 1 file changed, 1 insertion(+)
 create mode 100644 local.txt
Cloning into '/tmp/autoloop-archive-2099-01-01-6irgqouz/repo'...
done.
[main be2cf3a] chore(autoloop): Supervisor 留档 2099-01-01
 4 files changed, 23 insertions(+)
 create mode 100644 .autoloop/runs/public-evidence/2099-01-01/2099-01-01_attempt_01/metrics.json
 create mode 100644 .autoloop/runs/public-evidence/2099-01-01/manifest.json
 create mode 100644 .autoloop/runs/public-evidence/2099-01-01/privacy-scan.json
 create mode 100644 .autoloop/runs/public-evidence/2099-01-01/state.json
To /tmp/tmpvo9b42t1/remote.git
   8dd75bb..be2cf3a  HEAD -> main
fatal: path '.autoloop/journal/assets/2099-01-01-online.png' does not exist in 'main'
................Cloning into '/tmp/tmppcq44s17/workspaces/2099-01-01'...
done.
...{"status": "workspace_failed", "date": "2026-10-01", "control_repo": "<REMOTE_HOME>/npc_voice_panel_3d", "error": "workspace denied", "notification_rc": 0}
....Cloning into '/tmp/tmp04_zp_fd/workspaces/2099-01-01'...
done.
From /tmp/tmp04_zp_fd/remote
 * branch            main       -> FETCH_HEAD
..
----------------------------------------------------------------------
Ran 56 tests in 0.642s

OK
