......................Cloning into '/tmp/tmprxbgrmvs/private/repo'...
done.
[main 92c94d7] fix(autoloop): repair test failure
 1 file changed, 1 insertion(+), 1 deletion(-)
To /tmp/tmprxbgrmvs/remote.git
   cdc08eb..92c94d7  HEAD -> main
.........hint: Using 'master' as the name for the initial branch. This default branch name
hint: is subject to change. To configure the initial branch name to use in all
hint: of your new repositories, which will suppress this warning, call:
hint: 
hint: 	git config --global init.defaultBranch <name>
hint: 
hint: Names commonly chosen instead of 'master' are 'main', 'trunk' and
hint: 'development'. The just-created branch can be renamed via this command:
hint: 
hint: 	git branch -m <name>
Initialized empty Git repository in /tmp/tmp8_1vklbe/remote.git/
Initialized empty Git repository in /tmp/tmp8_1vklbe/seed/.git/
[main (root-commit) 4228fe6] base
 1 file changed, 1 insertion(+)
 create mode 100644 base.txt
To /tmp/tmp8_1vklbe/remote.git
 * [new branch]      main -> main
branch 'main' set up to track 'origin/main'.
Cloning into '/tmp/tmp8_1vklbe/execution'...
done.
[main 713618c] remote advance
 1 file changed, 1 insertion(+)
 create mode 100644 remote.txt
To /tmp/tmp8_1vklbe/remote.git
   4228fe6..713618c  main -> main
[main 1ebaf57] local divergence
 1 file changed, 1 insertion(+)
 create mode 100644 local.txt
Cloning into '/tmp/autoloop-archive-2099-01-01-s7_8yye8/repo'...
done.
[main fbb09d7] chore(autoloop): Supervisor 留档 2099-01-01
 4 files changed, 23 insertions(+)
 create mode 100644 .autoloop/runs/public-evidence/2099-01-01/2099-01-01_attempt_01/metrics.json
 create mode 100644 .autoloop/runs/public-evidence/2099-01-01/manifest.json
 create mode 100644 .autoloop/runs/public-evidence/2099-01-01/privacy-scan.json
 create mode 100644 .autoloop/runs/public-evidence/2099-01-01/state.json
To /tmp/tmp8_1vklbe/remote.git
   713618c..fbb09d7  HEAD -> main
fatal: path '.autoloop/journal/assets/2099-01-01-online.png' does not exist in 'main'
................Cloning into '/tmp/tmpppfb365n/workspaces/2099-01-01'...
done.
...{"status": "workspace_failed", "date": "2026-10-03", "control_repo": "<REMOTE_HOME>/npc_voice_panel_3d", "error": "workspace denied", "notification_rc": 0}
....Cloning into '/tmp/tmphlf_hyq7/workspaces/2099-01-01'...
done.
From /tmp/tmphlf_hyq7/remote
 * branch            main       -> FETCH_HEAD
..
----------------------------------------------------------------------
Ran 56 tests in 0.642s

OK
