......................Cloning into '/tmp/tmp25tjvf7_/private/repo'...
done.
[main aad9df0] fix(autoloop): repair test failure
 1 file changed, 1 insertion(+), 1 deletion(-)
To /tmp/tmp25tjvf7_/remote.git
   9738603..aad9df0  HEAD -> main
.........hint: Using 'master' as the name for the initial branch. This default branch name
hint: is subject to change. To configure the initial branch name to use in all
hint: of your new repositories, which will suppress this warning, call:
hint: 
hint: 	git config --global init.defaultBranch <name>
hint: 
hint: Names commonly chosen instead of 'master' are 'main', 'trunk' and
hint: 'development'. The just-created branch can be renamed via this command:
hint: 
hint: 	git branch -m <name>
Initialized empty Git repository in /tmp/tmpb11ol1cw/remote.git/
Initialized empty Git repository in /tmp/tmpb11ol1cw/seed/.git/
[main (root-commit) 773f91e] base
 1 file changed, 1 insertion(+)
 create mode 100644 base.txt
To /tmp/tmpb11ol1cw/remote.git
 * [new branch]      main -> main
branch 'main' set up to track 'origin/main'.
Cloning into '/tmp/tmpb11ol1cw/execution'...
done.
[main 28e2283] remote advance
 1 file changed, 1 insertion(+)
 create mode 100644 remote.txt
To /tmp/tmpb11ol1cw/remote.git
   773f91e..28e2283  main -> main
[main 383d3d7] local divergence
 1 file changed, 1 insertion(+)
 create mode 100644 local.txt
Cloning into '/tmp/autoloop-archive-2099-01-01-r7yrrqdl/repo'...
done.
[main d994d7b] chore(autoloop): Supervisor 留档 2099-01-01
 4 files changed, 23 insertions(+)
 create mode 100644 .autoloop/runs/public-evidence/2099-01-01/2099-01-01_attempt_01/metrics.json
 create mode 100644 .autoloop/runs/public-evidence/2099-01-01/manifest.json
 create mode 100644 .autoloop/runs/public-evidence/2099-01-01/privacy-scan.json
 create mode 100644 .autoloop/runs/public-evidence/2099-01-01/state.json
To /tmp/tmpb11ol1cw/remote.git
   28e2283..d994d7b  HEAD -> main
fatal: path '.autoloop/journal/assets/2099-01-01-online.png' does not exist in 'main'
................Cloning into '/tmp/tmpbktanz54/workspaces/2099-01-01'...
done.
...{"status": "workspace_failed", "date": "2026-09-13", "control_repo": "<REMOTE_HOME>/npc_voice_panel_3d", "error": "workspace denied", "notification_rc": 0}
....Cloning into '/tmp/tmpj1yakth7/workspaces/2099-01-01'...
done.
From /tmp/tmpj1yakth7/remote
 * branch            main       -> FETCH_HEAD
..
----------------------------------------------------------------------
Ran 56 tests in 0.644s

OK
