......................Cloning into '/tmp/tmpgbgqw2r4/private/repo'...
done.
[main 78112fb] fix(autoloop): repair test failure
 1 file changed, 1 insertion(+), 1 deletion(-)
To /tmp/tmpgbgqw2r4/remote.git
   97128c3..78112fb  HEAD -> main
.........hint: Using 'master' as the name for the initial branch. This default branch name
hint: is subject to change. To configure the initial branch name to use in all
hint: of your new repositories, which will suppress this warning, call:
hint: 
hint: 	git config --global init.defaultBranch <name>
hint: 
hint: Names commonly chosen instead of 'master' are 'main', 'trunk' and
hint: 'development'. The just-created branch can be renamed via this command:
hint: 
hint: 	git branch -m <name>
Initialized empty Git repository in /tmp/tmpeud340n2/remote.git/
Initialized empty Git repository in /tmp/tmpeud340n2/seed/.git/
[main (root-commit) 6ee856a] base
 1 file changed, 1 insertion(+)
 create mode 100644 base.txt
To /tmp/tmpeud340n2/remote.git
 * [new branch]      main -> main
branch 'main' set up to track 'origin/main'.
Cloning into '/tmp/tmpeud340n2/execution'...
done.
[main 4edf639] remote advance
 1 file changed, 1 insertion(+)
 create mode 100644 remote.txt
To /tmp/tmpeud340n2/remote.git
   6ee856a..4edf639  main -> main
[main dbd6fb2] local divergence
 1 file changed, 1 insertion(+)
 create mode 100644 local.txt
Cloning into '/tmp/autoloop-archive-2099-01-01-ozd7_wav/repo'...
done.
[main 2bc420d] chore(autoloop): Supervisor 留档 2099-01-01
 4 files changed, 23 insertions(+)
 create mode 100644 .autoloop/runs/public-evidence/2099-01-01/2099-01-01_attempt_01/metrics.json
 create mode 100644 .autoloop/runs/public-evidence/2099-01-01/manifest.json
 create mode 100644 .autoloop/runs/public-evidence/2099-01-01/privacy-scan.json
 create mode 100644 .autoloop/runs/public-evidence/2099-01-01/state.json
To /tmp/tmpeud340n2/remote.git
   4edf639..2bc420d  HEAD -> main
fatal: path '.autoloop/journal/assets/2099-01-01-online.png' does not exist in 'main'
................Cloning into '/tmp/tmpvo5cs1pz/workspaces/2099-01-01'...
done.
...{"status": "workspace_failed", "date": "2026-09-18", "control_repo": "<REMOTE_HOME>/npc_voice_panel_3d", "error": "workspace denied", "notification_rc": 0}
....Cloning into '/tmp/tmp9pf5_u2j/workspaces/2099-01-01'...
done.
From /tmp/tmp9pf5_u2j/remote
 * branch            main       -> FETCH_HEAD
..
----------------------------------------------------------------------
Ran 56 tests in 0.643s

OK
