From github.com:Job-Yang/npc_voice_panel_3d
 * branch            main       -> FETCH_HEAD
Already up to date.
From github.com:Job-Yang/npc_voice_panel_3d
 * branch            main       -> FETCH_HEAD
Already up to date.
[main 22927f1] chore(autoloop): 过程留档 2026-08-11_030001
 13 files changed, 2132 insertions(+)
 create mode 100644 .autoloop/journal/assets/2026-08-11-online.png
 create mode 100644 .autoloop/runs/2026-08-11_030001/feishu_report.json
 create mode 100644 .autoloop/runs/2026-08-11_030001/feishu_report.log
 create mode 100644 .autoloop/runs/2026-08-11_030001/final.txt
 create mode 100644 .autoloop/runs/2026-08-11_030001/git.log
 create mode 100644 .autoloop/runs/2026-08-11_030001/head_after.txt
 create mode 100644 .autoloop/runs/2026-08-11_030001/input_validation.json
 create mode 100644 .autoloop/runs/2026-08-11_030001/metrics.json
 create mode 100644 .autoloop/runs/2026-08-11_030001/trae.jsonl
 create mode 100644 .autoloop/runs/2026-08-11_030001/visual_verification-online.html
 create mode 100644 .autoloop/runs/2026-08-11_030001/visual_verification-server.log
 create mode 100644 .autoloop/runs/2026-08-11_030001/visual_verification.json
 create mode 100644 .autoloop/runs/2026-08-11_030001/visual_verification.log
To github.com:Job-Yang/npc_voice_panel_3d.git
   1cc5c0b..22927f1  main -> main
