............
----------------------------------------------------------------------
Ran 12 tests in 0.007s

OK
....
----------------------------------------------------------------------
Ran 4 tests in 0.001s

OK
..
----------------------------------------------------------------------
Ran 2 tests in 0.002s

OK
From /tmp/tmp_u43eo_n/remote
 * branch            main       -> FETCH_HEAD
Preparing worktree (new branch 'autoloop-run/2099-01-01')
branch 'autoloop-run/2099-01-01' set up to track 'origin/main'.
HEAD is now at a9e9928 remote base
..{"status": "workspace_failed", "date": "2026-08-18", "control_repo": "<REMOTE_HOME>/npc_voice_panel_3d", "error": "workspace denied", "notification_rc": 0}
..From /tmp/tmpq03jm2z5/remote
 * branch            main       -> FETCH_HEAD
Preparing worktree (new branch 'autoloop-run/2099-01-01')
branch 'autoloop-run/2099-01-01' set up to track 'origin/main'.
HEAD is now at c7e7aa8 base
From /tmp/tmpq03jm2z5/remote
 * branch            main       -> FETCH_HEAD
..
----------------------------------------------------------------------
Ran 6 tests in 0.161s

OK
