......................Cloning into '/tmp/tmp9r9p2qdp/private/repo'...
done.
[main cfb89c6] fix(autoloop): repair test failure
 1 file changed, 1 insertion(+), 1 deletion(-)
To /tmp/tmp9r9p2qdp/remote.git
   387f8a4..cfb89c6  HEAD -> main
.........hint: Using 'master' as the name for the initial branch. This default branch name
hint: is subject to change. To configure the initial branch name to use in all
hint: of your new repositories, which will suppress this warning, call:
hint: 
hint: 	git config --global init.defaultBranch <name>
hint: 
hint: Names commonly chosen instead of 'master' are 'main', 'trunk' and
hint: 'development'. The just-created branch can be renamed via this command:
hint: 
hint: 	git branch -m <name>
Initialized empty Git repository in /tmp/tmpuf0d6yug/remote.git/
Initialized empty Git repository in /tmp/tmpuf0d6yug/seed/.git/
[main (root-commit) 3b58d6e] base
 1 file changed, 1 insertion(+)
 create mode 100644 base.txt
To /tmp/tmpuf0d6yug/remote.git
 * [new branch]      main -> main
branch 'main' set up to track 'origin/main'.
Cloning into '/tmp/tmpuf0d6yug/execution'...
done.
[main 76af7ea] remote advance
 1 file changed, 1 insertion(+)
 create mode 100644 remote.txt
To /tmp/tmpuf0d6yug/remote.git
   3b58d6e..76af7ea  main -> main
[main 2ebcfca] local divergence
 1 file changed, 1 insertion(+)
 create mode 100644 local.txt
Cloning into '/tmp/autoloop-archive-2099-01-01-odperha3/repo'...
done.
[main 7723904] chore(autoloop): Supervisor 留档 2099-01-01
 4 files changed, 23 insertions(+)
 create mode 100644 .autoloop/runs/public-evidence/2099-01-01/2099-01-01_attempt_01/metrics.json
 create mode 100644 .autoloop/runs/public-evidence/2099-01-01/manifest.json
 create mode 100644 .autoloop/runs/public-evidence/2099-01-01/privacy-scan.json
 create mode 100644 .autoloop/runs/public-evidence/2099-01-01/state.json
To /tmp/tmpuf0d6yug/remote.git
   76af7ea..7723904  HEAD -> main
fatal: path '.autoloop/journal/assets/2099-01-01-online.png' does not exist in 'main'
................Cloning into '/tmp/tmpnws9hk50/workspaces/2099-01-01'...
done.
...{"status": "workspace_failed", "date": "2026-10-05", "control_repo": "<REMOTE_HOME>/npc_voice_panel_3d", "error": "workspace denied", "notification_rc": 0}
....Cloning into '/tmp/tmp1cvgp4fm/workspaces/2099-01-01'...
done.
From /tmp/tmp1cvgp4fm/remote
 * branch            main       -> FETCH_HEAD
..
----------------------------------------------------------------------
Ran 56 tests in 0.646s

OK
