......................Cloning into '/tmp/tmpoufv5hkq/private/repo'...
done.
[main cffc2a3] fix(autoloop): repair test failure
 1 file changed, 1 insertion(+), 1 deletion(-)
To /tmp/tmpoufv5hkq/remote.git
   60a7713..cffc2a3  HEAD -> main
.........hint: Using 'master' as the name for the initial branch. This default branch name
hint: is subject to change. To configure the initial branch name to use in all
hint: of your new repositories, which will suppress this warning, call:
hint: 
hint: 	git config --global init.defaultBranch <name>
hint: 
hint: Names commonly chosen instead of 'master' are 'main', 'trunk' and
hint: 'development'. The just-created branch can be renamed via this command:
hint: 
hint: 	git branch -m <name>
Initialized empty Git repository in /tmp/tmpf9pcm5es/remote.git/
Initialized empty Git repository in /tmp/tmpf9pcm5es/seed/.git/
[main (root-commit) a8567e0] base
 1 file changed, 1 insertion(+)
 create mode 100644 base.txt
To /tmp/tmpf9pcm5es/remote.git
 * [new branch]      main -> main
branch 'main' set up to track 'origin/main'.
Cloning into '/tmp/tmpf9pcm5es/execution'...
done.
[main a49c726] remote advance
 1 file changed, 1 insertion(+)
 create mode 100644 remote.txt
To /tmp/tmpf9pcm5es/remote.git
   a8567e0..a49c726  main -> main
[main 921d571] local divergence
 1 file changed, 1 insertion(+)
 create mode 100644 local.txt
Cloning into '/tmp/autoloop-archive-2099-01-01-_vcx5ofi/repo'...
done.
[main 4a64d6c] chore(autoloop): Supervisor 留档 2099-01-01
 4 files changed, 23 insertions(+)
 create mode 100644 .autoloop/runs/public-evidence/2099-01-01/2099-01-01_attempt_01/metrics.json
 create mode 100644 .autoloop/runs/public-evidence/2099-01-01/manifest.json
 create mode 100644 .autoloop/runs/public-evidence/2099-01-01/privacy-scan.json
 create mode 100644 .autoloop/runs/public-evidence/2099-01-01/state.json
To /tmp/tmpf9pcm5es/remote.git
   a49c726..4a64d6c  HEAD -> main
fatal: path '.autoloop/journal/assets/2099-01-01-online.png' does not exist in 'main'
................Cloning into '/tmp/tmpohu8g7xb/workspaces/2099-01-01'...
done.
...{"status": "workspace_failed", "date": "2026-09-22", "control_repo": "<REMOTE_HOME>/npc_voice_panel_3d", "error": "workspace denied", "notification_rc": 0}
....Cloning into '/tmp/tmpbihlp1hk/workspaces/2099-01-01'...
done.
From /tmp/tmpbihlp1hk/remote
 * branch            main       -> FETCH_HEAD
..
----------------------------------------------------------------------
Ran 56 tests in 0.639s

OK
