......................Cloning into '/tmp/tmpqbe8_wcl/private/repo'...
done.
[main 73ea603] fix(autoloop): repair test failure
 1 file changed, 1 insertion(+), 1 deletion(-)
To /tmp/tmpqbe8_wcl/remote.git
   8b628fb..73ea603  HEAD -> main
.........hint: Using 'master' as the name for the initial branch. This default branch name
hint: is subject to change. To configure the initial branch name to use in all
hint: of your new repositories, which will suppress this warning, call:
hint: 
hint: 	git config --global init.defaultBranch <name>
hint: 
hint: Names commonly chosen instead of 'master' are 'main', 'trunk' and
hint: 'development'. The just-created branch can be renamed via this command:
hint: 
hint: 	git branch -m <name>
Initialized empty Git repository in /tmp/tmpnjzrpy92/remote.git/
Initialized empty Git repository in /tmp/tmpnjzrpy92/seed/.git/
[main (root-commit) 376cb3f] base
 1 file changed, 1 insertion(+)
 create mode 100644 base.txt
To /tmp/tmpnjzrpy92/remote.git
 * [new branch]      main -> main
branch 'main' set up to track 'origin/main'.
Cloning into '/tmp/tmpnjzrpy92/execution'...
done.
[main 6944915] remote advance
 1 file changed, 1 insertion(+)
 create mode 100644 remote.txt
To /tmp/tmpnjzrpy92/remote.git
   376cb3f..6944915  main -> main
[main a5bb112] local divergence
 1 file changed, 1 insertion(+)
 create mode 100644 local.txt
Cloning into '/tmp/autoloop-archive-2099-01-01-36a7tsl1/repo'...
done.
[main 9561888] chore(autoloop): Supervisor 留档 2099-01-01
 4 files changed, 23 insertions(+)
 create mode 100644 .autoloop/runs/public-evidence/2099-01-01/2099-01-01_attempt_01/metrics.json
 create mode 100644 .autoloop/runs/public-evidence/2099-01-01/manifest.json
 create mode 100644 .autoloop/runs/public-evidence/2099-01-01/privacy-scan.json
 create mode 100644 .autoloop/runs/public-evidence/2099-01-01/state.json
To /tmp/tmpnjzrpy92/remote.git
   6944915..9561888  HEAD -> main
fatal: path '.autoloop/journal/assets/2099-01-01-online.png' does not exist in 'main'
................Cloning into '/tmp/tmphoyd2589/workspaces/2099-01-01'...
done.
...{"status": "workspace_failed", "date": "2026-10-06", "control_repo": "<REMOTE_HOME>/npc_voice_panel_3d", "error": "workspace denied", "notification_rc": 0}
....Cloning into '/tmp/tmpvrutfg1l/workspaces/2099-01-01'...
done.
From /tmp/tmpvrutfg1l/remote
 * branch            main       -> FETCH_HEAD
..
----------------------------------------------------------------------
Ran 56 tests in 0.643s

OK
