......................Cloning into '/tmp/tmpaqq0t2iu/private/repo'...
done.
[main 5b3280b] fix(autoloop): repair test failure
 1 file changed, 1 insertion(+), 1 deletion(-)
To /tmp/tmpaqq0t2iu/remote.git
   00fea73..5b3280b  HEAD -> main
.........hint: Using 'master' as the name for the initial branch. This default branch name
hint: is subject to change. To configure the initial branch name to use in all
hint: of your new repositories, which will suppress this warning, call:
hint: 
hint: 	git config --global init.defaultBranch <name>
hint: 
hint: Names commonly chosen instead of 'master' are 'main', 'trunk' and
hint: 'development'. The just-created branch can be renamed via this command:
hint: 
hint: 	git branch -m <name>
Initialized empty Git repository in /tmp/tmpo1mb3577/remote.git/
Initialized empty Git repository in /tmp/tmpo1mb3577/seed/.git/
[main (root-commit) 1108a2c] base
 1 file changed, 1 insertion(+)
 create mode 100644 base.txt
To /tmp/tmpo1mb3577/remote.git
 * [new branch]      main -> main
branch 'main' set up to track 'origin/main'.
Cloning into '/tmp/tmpo1mb3577/execution'...
done.
[main de9d119] remote advance
 1 file changed, 1 insertion(+)
 create mode 100644 remote.txt
To /tmp/tmpo1mb3577/remote.git
   1108a2c..de9d119  main -> main
[main 3d3ff89] local divergence
 1 file changed, 1 insertion(+)
 create mode 100644 local.txt
Cloning into '/tmp/autoloop-archive-2099-01-01-0tj5hkxq/repo'...
done.
[main 5e81e2a] chore(autoloop): Supervisor 留档 2099-01-01
 4 files changed, 23 insertions(+)
 create mode 100644 .autoloop/runs/public-evidence/2099-01-01/2099-01-01_attempt_01/metrics.json
 create mode 100644 .autoloop/runs/public-evidence/2099-01-01/manifest.json
 create mode 100644 .autoloop/runs/public-evidence/2099-01-01/privacy-scan.json
 create mode 100644 .autoloop/runs/public-evidence/2099-01-01/state.json
To /tmp/tmpo1mb3577/remote.git
   de9d119..5e81e2a  HEAD -> main
fatal: path '.autoloop/journal/assets/2099-01-01-online.png' does not exist in 'main'
................Cloning into '/tmp/tmpgn3dmt11/workspaces/2099-01-01'...
done.
...{"status": "workspace_failed", "date": "2026-09-29", "control_repo": "<REMOTE_HOME>/npc_voice_panel_3d", "error": "workspace denied", "notification_rc": 0}
....Cloning into '/tmp/tmphsip4lpy/workspaces/2099-01-01'...
done.
From /tmp/tmphsip4lpy/remote
 * branch            main       -> FETCH_HEAD
..
----------------------------------------------------------------------
Ran 56 tests in 0.642s

OK
