......................Cloning into '/tmp/tmp96_0a0n8/private/repo'...
done.
[main 8e830c7] fix(autoloop): repair test failure
 1 file changed, 1 insertion(+), 1 deletion(-)
To /tmp/tmp96_0a0n8/remote.git
   930aa41..8e830c7  HEAD -> main
.........hint: Using 'master' as the name for the initial branch. This default branch name
hint: is subject to change. To configure the initial branch name to use in all
hint: of your new repositories, which will suppress this warning, call:
hint: 
hint: 	git config --global init.defaultBranch <name>
hint: 
hint: Names commonly chosen instead of 'master' are 'main', 'trunk' and
hint: 'development'. The just-created branch can be renamed via this command:
hint: 
hint: 	git branch -m <name>
Initialized empty Git repository in /tmp/tmp2d084gu_/remote.git/
Initialized empty Git repository in /tmp/tmp2d084gu_/seed/.git/
[main (root-commit) fbca375] base
 1 file changed, 1 insertion(+)
 create mode 100644 base.txt
To /tmp/tmp2d084gu_/remote.git
 * [new branch]      main -> main
branch 'main' set up to track 'origin/main'.
Cloning into '/tmp/tmp2d084gu_/execution'...
done.
[main e85bd4f] remote advance
 1 file changed, 1 insertion(+)
 create mode 100644 remote.txt
To /tmp/tmp2d084gu_/remote.git
   fbca375..e85bd4f  main -> main
[main 8d596fd] local divergence
 1 file changed, 1 insertion(+)
 create mode 100644 local.txt
Cloning into '/tmp/autoloop-archive-2099-01-01-678dk8o8/repo'...
done.
[main 19b509b] chore(autoloop): Supervisor 留档 2099-01-01
 4 files changed, 23 insertions(+)
 create mode 100644 .autoloop/runs/public-evidence/2099-01-01/2099-01-01_attempt_01/metrics.json
 create mode 100644 .autoloop/runs/public-evidence/2099-01-01/manifest.json
 create mode 100644 .autoloop/runs/public-evidence/2099-01-01/privacy-scan.json
 create mode 100644 .autoloop/runs/public-evidence/2099-01-01/state.json
To /tmp/tmp2d084gu_/remote.git
   e85bd4f..19b509b  HEAD -> main
fatal: path '.autoloop/journal/assets/2099-01-01-online.png' does not exist in 'main'
................Cloning into '/tmp/tmpocjodbj3/workspaces/2099-01-01'...
done.
...{"status": "workspace_failed", "date": "2026-09-23", "control_repo": "<REMOTE_HOME>/npc_voice_panel_3d", "error": "workspace denied", "notification_rc": 0}
....Cloning into '/tmp/tmpsscdyd2g/workspaces/2099-01-01'...
done.
From /tmp/tmpsscdyd2g/remote
 * branch            main       -> FETCH_HEAD
..
----------------------------------------------------------------------
Ran 56 tests in 0.647s

OK
