......................Cloning into '/tmp/tmpxhtpyuju/private/repo'...
done.
[main 992aa8f] fix(autoloop): repair test failure
 1 file changed, 1 insertion(+), 1 deletion(-)
To /tmp/tmpxhtpyuju/remote.git
   4aae3e4..992aa8f  HEAD -> main
.........hint: Using 'master' as the name for the initial branch. This default branch name
hint: is subject to change. To configure the initial branch name to use in all
hint: of your new repositories, which will suppress this warning, call:
hint: 
hint: 	git config --global init.defaultBranch <name>
hint: 
hint: Names commonly chosen instead of 'master' are 'main', 'trunk' and
hint: 'development'. The just-created branch can be renamed via this command:
hint: 
hint: 	git branch -m <name>
Initialized empty Git repository in /tmp/tmp1w2e6mwo/remote.git/
Initialized empty Git repository in /tmp/tmp1w2e6mwo/seed/.git/
[main (root-commit) 809f8e0] base
 1 file changed, 1 insertion(+)
 create mode 100644 base.txt
To /tmp/tmp1w2e6mwo/remote.git
 * [new branch]      main -> main
branch 'main' set up to track 'origin/main'.
Cloning into '/tmp/tmp1w2e6mwo/execution'...
done.
[main 3dfb22d] remote advance
 1 file changed, 1 insertion(+)
 create mode 100644 remote.txt
To /tmp/tmp1w2e6mwo/remote.git
   809f8e0..3dfb22d  main -> main
[main 6f8d6c2] local divergence
 1 file changed, 1 insertion(+)
 create mode 100644 local.txt
Cloning into '/tmp/autoloop-archive-2099-01-01-owoqmf46/repo'...
done.
[main 56e4975] chore(autoloop): Supervisor 留档 2099-01-01
 4 files changed, 23 insertions(+)
 create mode 100644 .autoloop/runs/public-evidence/2099-01-01/2099-01-01_attempt_01/metrics.json
 create mode 100644 .autoloop/runs/public-evidence/2099-01-01/manifest.json
 create mode 100644 .autoloop/runs/public-evidence/2099-01-01/privacy-scan.json
 create mode 100644 .autoloop/runs/public-evidence/2099-01-01/state.json
To /tmp/tmp1w2e6mwo/remote.git
   3dfb22d..56e4975  HEAD -> main
fatal: path '.autoloop/journal/assets/2099-01-01-online.png' does not exist in 'main'
................Cloning into '/tmp/tmplhxvbvny/workspaces/2099-01-01'...
done.
...{"status": "workspace_failed", "date": "2026-09-30", "control_repo": "<REMOTE_HOME>/npc_voice_panel_3d", "error": "workspace denied", "notification_rc": 0}
....Cloning into '/tmp/tmpw2xl3v2x/workspaces/2099-01-01'...
done.
From /tmp/tmpw2xl3v2x/remote
 * branch            main       -> FETCH_HEAD
..
----------------------------------------------------------------------
Ran 56 tests in 0.643s

OK
