......................Cloning into '/tmp/tmphcgm25jc/private/repo'...
done.
[main 1dc5822] fix(autoloop): repair test failure
 1 file changed, 1 insertion(+), 1 deletion(-)
To /tmp/tmphcgm25jc/remote.git
   f6ef3ad..1dc5822  HEAD -> main
.........hint: Using 'master' as the name for the initial branch. This default branch name
hint: is subject to change. To configure the initial branch name to use in all
hint: of your new repositories, which will suppress this warning, call:
hint: 
hint: 	git config --global init.defaultBranch <name>
hint: 
hint: Names commonly chosen instead of 'master' are 'main', 'trunk' and
hint: 'development'. The just-created branch can be renamed via this command:
hint: 
hint: 	git branch -m <name>
Initialized empty Git repository in /tmp/tmppp6p841y/remote.git/
Initialized empty Git repository in /tmp/tmppp6p841y/seed/.git/
[main (root-commit) 4eee2e0] base
 1 file changed, 1 insertion(+)
 create mode 100644 base.txt
To /tmp/tmppp6p841y/remote.git
 * [new branch]      main -> main
branch 'main' set up to track 'origin/main'.
Cloning into '/tmp/tmppp6p841y/execution'...
done.
[main 42d96fc] remote advance
 1 file changed, 1 insertion(+)
 create mode 100644 remote.txt
To /tmp/tmppp6p841y/remote.git
   4eee2e0..42d96fc  main -> main
[main f2173b8] local divergence
 1 file changed, 1 insertion(+)
 create mode 100644 local.txt
Cloning into '/tmp/autoloop-archive-2099-01-01-0k5_vhom/repo'...
done.
[main e753030] chore(autoloop): Supervisor 留档 2099-01-01
 4 files changed, 23 insertions(+)
 create mode 100644 .autoloop/runs/public-evidence/2099-01-01/2099-01-01_attempt_01/metrics.json
 create mode 100644 .autoloop/runs/public-evidence/2099-01-01/manifest.json
 create mode 100644 .autoloop/runs/public-evidence/2099-01-01/privacy-scan.json
 create mode 100644 .autoloop/runs/public-evidence/2099-01-01/state.json
To /tmp/tmppp6p841y/remote.git
   42d96fc..e753030  HEAD -> main
fatal: path '.autoloop/journal/assets/2099-01-01-online.png' does not exist in 'main'
................Cloning into '/tmp/tmp7il259rx/workspaces/2099-01-01'...
done.
...{"status": "workspace_failed", "date": "2026-09-27", "control_repo": "<REMOTE_HOME>/npc_voice_panel_3d", "error": "workspace denied", "notification_rc": 0}
....Cloning into '/tmp/tmppm2o66ua/workspaces/2099-01-01'...
done.
From /tmp/tmppm2o66ua/remote
 * branch            main       -> FETCH_HEAD
..
----------------------------------------------------------------------
Ran 56 tests in 0.638s

OK
